Vishal G

1.Use the appropriate command to list all files larger than 1 MB in the current directory and save the output to a file.

Terminal Output:

vishal@vishal-VirtualBox:~/dev/assignment2$ ls -lh
total 4.1M
-rw-rw-r-- 1 vishal vishal 1015K Jan 24 18:47 1-1.pdf
-rw-rw-r-- 1 vishal vishal 1015K Jan 24 18:47 1.pdf
-rw-rw-r-- 1 vishal vishal  2.1M Jan 24 18:49 2mb.pdf
-rw-rw-r-- 1 vishal vishal     0 Jan 24 18:52 test1
vishal@vishal-VirtualBox:~/dev/assignment2$ find . -type f -size +1M> large_files.txt
vishal@vishal-VirtualBox:~/dev/assignment2$ ls -lh
total 4.1M
-rw-rw-r-- 1 vishal vishal 1015K Jan 24 18:47 1-1.pdf
-rw-rw-r-- 1 vishal vishal 1015K Jan 24 18:47 1.pdf
-rw-rw-r-- 1 vishal vishal  2.1M Jan 24 18:49 2mb.pdf
-rw-rw-r-- 1 vishal vishal    10 Jan 24 18:55 large_files.txt
-rw-rw-r-- 1 vishal vishal     0 Jan 24 18:52 test1
vishal@vishal-VirtualBox:~/dev/assignment2$ cat large_files.txt 
./2mb.pdf



2.Replace all occurrences of "localhost" with "127.0.0.1" in a configuration file named config.txt, and save the updated file as updated_config.txt.

Terminal Output:

vishal@vishal-VirtualBox:~/dev$ ls
assignment2  dir2            git_basics  planner  test2    test.txt
dir1         django_project  l1          test     test.sh
vishal@vishal-VirtualBox:~/dev$ cd assignment2/
vishal@vishal-VirtualBox:~/dev/assignment2$ ls
1-1.pdf  1.pdf  2mb.pdf  config.txt  filtered_log.txt  large_files.txt  log.txt  test1
vishal@vishal-VirtualBox:~/dev/assignment2$ cat config.txt
127.0.0.1 localhost
127.0.1.1 vishal-VirtualBox

# The following lines are desirable for IPv6 capable hosts
::1     ip6-localhost ip6-loopback
fe00::0 ip6-localnet
ff00::0 ip6-mcastprefix
ff02::1 ip6-allnodes
ff02::2 ip6-allrouters
vishal@vishal-VirtualBox:~/dev/assignment2$ sed 's/localhost/127.0.0.1/g' config.txt > updated_config.txt
vishal@vishal-VirtualBox:~/dev/assignment2$ ls -lrta
total 4176
-rw-rw-r-- 1 vishal vishal 1038553 Jan 24 18:47 1.pdf
-rw-rw-r-- 1 vishal vishal 1038553 Jan 24 18:47 1-1.pdf
-rw-rw-r-- 1 vishal vishal 2150543 Jan 24 18:49 2mb.pdf
drwxrwxr-x 9 vishal vishal    4096 Jan 24 18:52 ..
-rw-rw-r-- 1 vishal vishal       0 Jan 24 18:52 test1
-rw-rw-r-- 1 vishal vishal      10 Jan 24 18:55 large_files.txt
-rw-r--r-- 1 vishal vishal   12288 Jan 24 18:59 .log.txt.swp
-rw-rw-r-- 1 vishal vishal     730 Jan 24 19:00 log.txt
-rw-rw-r-- 1 vishal vishal     148 Jan 24 19:01 filtered_log.txt
-rw-r--r-- 1 vishal vishal     232 Jan 24 21:13 config.txt
drwxrwxr-x 2 vishal vishal    4096 Jan 24 21:15 .
-rw-rw-r-- 1 vishal vishal     232 Jan 24 21:15 updated_config.txt
vishal@vishal-VirtualBox:~/dev/assignment2$ cat updated_config.txt 
127.0.0.1 127.0.0.1
127.0.1.1 vishal-VirtualBox

# The following lines are desirable for IPv6 capable hosts
::1     ip6-127.0.0.1 ip6-loopback
fe00::0 ip6-localnet
ff00::0 ip6-mcastprefix
ff02::1 ip6-allnodes
ff02::2 ip6-allrouters




3. Use the appropriate command to search for lines containing the word "ERROR" in a log file but exclude lines containing "DEBUG". Save the results to a file named
filtered_log.txt.

log:

DEBUG: Starting the application initialization.
ERROR: Unable to connect to the database.
INFO: User 'admin' logged in successfully.
DEBUG: Fetching configuration settings from the server.
ERROR: DEBUG - Configuration settings could not be applied.
INFO: Scheduled job 'backup' completed successfully.
DEBUG: Connection to server timed out. Retrying...
ERROR: Failed to fetch data from API endpoint '/users'.
INFO: Maintenance mode activated.
ERROR: DEBUG - Query execution failed due to a syntax error.
DEBUG: Reloading application modules.
ERROR: Missing required parameter in the request.
INFO: Shutting down the system gracefully.
DEBUG: Closing unused network connections.
ERROR: DEBUG - Unexpected server response received.

Terminal Output:


vishal@vishal-VirtualBox:~/dev/assignment2$ ls
1-1.pdf  1.pdf  2mb.pdf  large_files.txt  log.txt  test1
vishal@vishal-VirtualBox:~/dev/assignment2$ vi log.txt
vishal@vishal-VirtualBox:~/dev/assignment2$ cat log.txt
DEBUG: Starting the application initialization.
ERROR: Unable to connect to the database.
INFO: User 'admin' logged in successfully.
DEBUG: Fetching configuration settings from the server.
ERROR: DEBUG - Configuration settings could not be applied.
INFO: Scheduled job 'backup' completed successfully.
DEBUG: Connection to server timed out. Retrying...
ERROR: Failed to fetch data from API endpoint '/users'.
INFO: Maintenance mode activated.
ERROR: DEBUG - Query execution failed due to a syntax error.
DEBUG: Reloading application modules.
ERROR: Missing required parameter in the request.
INFO: Shutting down the system gracefully.
DEBUG: Closing unused network connections.
ERROR: DEBUG - Unexpected server response received.
vishal@vishal-VirtualBox:~/dev/assignment2$ grep "ERROR" log.txt | grep -v "DEBUG" > filtered_log.txt
vishal@vishal-VirtualBox:~/dev/assignment2$ ls
1-1.pdf  1.pdf  2mb.pdf  filtered_log.txt  large_files.txt  log.txt  test1
vishal@vishal-VirtualBox:~/dev/assignment2$ cat filtered_log.txt
ERROR: Unable to connect to the database.
ERROR: Failed to fetch data from API endpoint '/users'.
ERROR: Missing required parameter in the request.



4.Write a code to identify the process with the highest memory usage and then terminate it.

Terminal Output:

vishal@vishal-VirtualBox:~/dev$ ls
assignment2  dir2            git_basics  planner  test2    test.txt
dir1         django_project  l1          test     test.sh
vishal@vishal-VirtualBox:~/dev$ cd assignment2/
vishal@vishal-VirtualBox:~/dev/assignment2$ ls
1-1.pdf  1.pdf  2mb.pdf  config.txt  filtered_log.txt  large_files.txt  log.txt  test1
vishal@vishal-VirtualBox:~/dev/assignment2$ cat config.txt
127.0.0.1 localhost
127.0.1.1 vishal-VirtualBox

# The following lines are desirable for IPv6 capable hosts
::1     ip6-localhost ip6-loopback
fe00::0 ip6-localnet
ff00::0 ip6-mcastprefix
ff02::1 ip6-allnodes
ff02::2 ip6-allrouters
vishal@vishal-VirtualBox:~/dev/assignment2$ sed 's/localhost/127.0.0.1/g' config.txt > updated_config.txt
vishal@vishal-VirtualBox:~/dev/assignment2$ ls -lrta
total 4176
-rw-rw-r-- 1 vishal vishal 1038553 Jan 24 18:47 1.pdf
-rw-rw-r-- 1 vishal vishal 1038553 Jan 24 18:47 1-1.pdf
-rw-rw-r-- 1 vishal vishal 2150543 Jan 24 18:49 2mb.pdf
drwxrwxr-x 9 vishal vishal    4096 Jan 24 18:52 ..
-rw-rw-r-- 1 vishal vishal       0 Jan 24 18:52 test1
-rw-rw-r-- 1 vishal vishal      10 Jan 24 18:55 large_files.txt
-rw-r--r-- 1 vishal vishal   12288 Jan 24 18:59 .log.txt.swp
-rw-rw-r-- 1 vishal vishal     730 Jan 24 19:00 log.txt
-rw-rw-r-- 1 vishal vishal     148 Jan 24 19:01 filtered_log.txt
-rw-r--r-- 1 vishal vishal     232 Jan 24 21:13 config.txt
drwxrwxr-x 2 vishal vishal    4096 Jan 24 21:15 .
-rw-rw-r-- 1 vishal vishal     232 Jan 24 21:15 updated_config.txt
vishal@vishal-VirtualBox:~/dev/assignment2$ cat updated_config.txt 
127.0.0.1 127.0.0.1
127.0.1.1 vishal-VirtualBox

# The following lines are desirable for IPv6 capable hosts
::1     ip6-127.0.0.1 ip6-loopback
fe00::0 ip6-localnet
ff00::0 ip6-mcastprefix
ff02::1 ip6-allnodes
ff02::2 ip6-allrouters


5.Use the networking tool command and print all the gateway available in a sorted manner

Terminal Output:

vishal@vishal-VirtualBox:~$ ip route
default via 10.0.2.2 dev enp0s3 proto dhcp src 10.0.2.15 metric 100 
10.0.2.0/24 dev enp0s3 proto kernel scope link src 10.0.2.15 metric 100 
172.17.0.0/16 dev docker0 proto kernel scope link src 172.17.0.1 linkdown 
vishal@vishal-VirtualBox:~$ ip route | sort
10.0.2.0/24 dev enp0s3 proto kernel scope link src 10.0.2.15 metric 100 
172.17.0.0/16 dev docker0 proto kernel scope link src 172.17.0.1 linkdown 
default via 10.0.2.2 dev enp0s3 proto dhcp src 10.0.2.15 metric 100






